         1-PFA-1-1   1-PID-1-1
1         4.903325        0.04 