loss_type,unit,mean,stddev
structural,USD,1.167565E+03,1.335238E+03
