# source_model_tree_path=('b11',), gsim_tree_path=('b1',), investigation_time=1.0, imt="PGA", checksum=141718627
lon,lat,depth,poe-0.1000000,poe-0.4000000,poe-0.6000000
0.00000,0.00000,-0.10000,4.528811E-01,5.589804E-02,5.585141E-03
