# source_model_tree_path=('b1', 'b2'), gsim_tree_path=('b1',), investigation_time=1.0, imt="PGA", checksum=4079887042
lon,lat,depth,poe-0.1000000,poe-0.4000000,poe-0.6000000,poe-1.0000000
0.00000,0.00000,0.00000,9.480229E-02,1.230175E-02,2.249080E-03,0.000000E+00
