# source_model_tree_path=('b1', 'b4'), gsim_tree_path=('b1',), investigation_time=1.0, imt="PGA", checksum=4079887042
lon,lat,depth,poe-0.1000000,poe-0.4000000,poe-0.6000000,poe-1.0000000
0.00000,0.00000,0.00000,9.992493E-04,4.541452E-05,4.062007E-06,0.000000E+00
