# source_model_tree_path=('b1',), gsim_tree_path=('b1',), investigation_time=1.0, imt="PGA", checksum=2343185032
lon,lat,depth,poe-0.1000000,poe-0.1200000,poe-0.2000000
0.00000,0.00000,0.00000,6.321205E-01,5.488333E-01,1.677925E-01
