# source_model_tree_path=('b11',), gsim_tree_path=('b1',), investigation_time=1.0, imt="SA(0.1)", checksum=141718627
lon,lat,depth,poe-0.1000000,poe-0.4000000,poe-0.6000000
0.00000,0.00000,-0.10000,6.074420E-01,3.254916E-01,1.964219E-01
