taxonomy,loss_type,value
RM,structural,4.16945E+02
RC+,structural,1.35036E+02
