# source_model_tree_path=('b1', 'b3'), gsim_tree_path=('b1',), investigation_time=1.0, imt="PGA", checksum=774957335
lon,lat,depth,poe-0.1000000,poe-0.4000000,poe-0.6000000,poe-1.0000000
0.00000,0.00000,0.00000,9.947035E-03,7.603843E-04,1.037378E-04,0.000000E+00
