# source_model_tree_path=('b1',), gsim_tree_path=('b1',), investigation_time=1000.0, imt="PGA", checksum=1496028179
lon,lat,depth,poe-0.1000000,poe-0.4000000,poe-0.6000000
0.00000,0.00000,0.00000,2.761214E-01,3.543563E-02,1.143429E-02
