# source_model_tree_path=('b1',), gsim_tree_path=('b1', 'b2'), investigation_time=1.0, imt="PGA", checksum=662604775
lon,lat,depth,poe-0.1000000,poe-0.4000000,poe-0.6000000
0.00000,0.00000,0.00000,7.516648E-01,7.803486E-02,6.866165E-03
