peril,number,occupants_night,loss-structural,no_damage-structural,collapse-structural
ASH_DRY,NAN,NAN,1.81436E+05,1.12676E+02,6.03236E+01
ASH_WET,NAN,NAN,3.08786E+05,9.65892E+01,7.64108E+01
LAVA,6.20000E+00,1.82000E+01,5.70000E+04,NAN,NAN
LAHAR,2.00000E+00,2.00000E+00,4.00000E+04,NAN,NAN
PYRO,2.00000E+00,7.00000E+00,4.00000E+04,NAN,NAN
