# source_model_tree_path=('b1', 'b3'), gsim_tree_path=('b1',), investigation_time=1.0, imt="PGA", checksum=4001490780
lon,lat,depth,poe-0.1000000,poe-0.4000000,poe-0.6000000,poe-1.0000000
0.00000,0.00000,0.00000,4.300039E-02,1.196587E-03,7.371466E-05,0.000000E+00
