# source_model_tree_path=('b1',), gsim_tree_path=('b1',), investigation_time=1.0, imt="PGA", checksum=4051148706
lon,lat,depth,poe-0.1000000,poe-0.1200000,poe-0.2000000
0.00000,0.00000,0.00000,6.321205E-01,4.848441E-01,4.549893E-02
